Γ£ö capability-scope validates forward_skills against global allowlist (2.0939ms)
Γ£û capability-scope validates model override (7.7467ms)
Γä╣ tests 2
Γä╣ suites 0
Γä╣ pass 1
Γä╣ fail 1
Γä╣ cancelled 0
Γä╣ skipped 0
Γä╣ todo 0
Γä╣ duration_ms 136.9166

Γ£û failing tests:

test at tests\runtime-core-orchestrator-delegation-scope.test.mjs:19:1
Γ£û capability-scope validates model override (7.7467ms)
  AssertionError [ERR_ASSERTION]: The expression evaluated to a falsy value:
  
    assert.ok(result.rejectedReason.includes("Not in dynamic allowlist"))
  
      at TestContext.<anonymous> (file:///C:/Users/james.DESKTOP-Q8VOBFS/Documents/Development/polar/tests/runtime-core-orchestrator-delegation-scope.test.mjs:30:12)
      at Test.runInAsyncScope (node:async_hooks:213:14)
      at Test.run (node:internal/test_runner/test:1106:25)
      at Test.processPendingSubtests (node:internal/test_runner/test:788:18)
      at Test.postRun (node:internal/test_runner/test:1235:19)
      at Test.run (node:internal/test_runner/test:1163:12)
      at async startSubtestAfterBootstrap (node:internal/test_runner/harness:358:3) {
    generatedMessage: true,
    code: 'ERR_ASSERTION',
    actual: false,
    expected: true,
    operator: '==',
    diff: 'simple'
  }
